Info : Mon Aug 24 14:16:15 GMT-03:00 2026, Thread-2 : cat.file: conf/cat.postgres
Error : Mon Aug 24 14:16:15 GMT-03:00 2026, Thread-2 : postgres
Info : Mon Aug 24 14:16:15 GMT-03:00 2026, Thread-2 : CAT : PATROL = true
Info : Mon Aug 24 14:16:15 GMT-03:00 2026, Thread-2 : CAT : circulado...
Error : Mon Aug 24 14:11:25 GMT-03:00 2026, Thread-2 : java.lang.NoSuchMethodException: speco.toppgsql.om.PgActivity.setcpu(java.lang.Long)
Error : java.lang.Class Class.java (2422)
Error : speco.cat.Cat Cat.java (1335)
Error : speco.cat.Cat Cat.java (805)
Error : speco.cat.Tx Tx.java (380)
Error : speco.toppgsql.om.ModelPg ModelPg.java (25)
Error : speco.toppgsql.FXMLTopPgSqlController FXMLTopPgSqlController.java (83)
Error : speco.toppgsql.FXMLTopPgSqlController FXMLTopPgSqlController.java (120)
Error : java.lang.Thread Thread.java (1474)
Error : Mon Aug 24 14:11:27 GMT-03:00 2026, Thread-2 : java.lang.NoSuchMethodException: speco.toppgsql.om.PgActivity.setcpu(java.lang.Long)
Error : java.lang.Class Class.java (2422)
Error : speco.cat.Cat Cat.java (1335)
Error : speco.cat.Cat Cat.java (805)
Error : speco.cat.Tx Tx.java (380)
Error : speco.toppgsql.om.ModelPg ModelPg.java (25)
Error : speco.toppgsql.FXMLTopPgSqlController FXMLTopPgSqlController.java (83)
Error : speco.toppgsql.FXMLTopPgSqlController FXMLTopPgSqlController.java (120)
Error : java.lang.Thread Thread.java (1474)
Error : Mon Aug 24 14:11:29 GMT-03:00 2026, Thread-2 : java.lang.NoSuchMethodException: speco.toppgsql.om.PgActivity.setcpu(java.lang.Long)
Error : java.lang.Class Class.java (2422)
Error : speco.cat.Cat Cat.java (1335)
Error : speco.cat.Cat Cat.java (805)
Error : speco.cat.Tx Tx.java (380)
Error : speco.toppgsql.om.ModelPg ModelPg.java (25)
Error : speco.toppgsql.FXMLTopPgSqlController FXMLTopPgSqlController.java (83)
Error : speco.toppgsql.FXMLTopPgSqlController FXMLTopPgSqlController.java (120)
Error : java.lang.Thread Thread.java (1474)
Error : Mon Aug 24 14:11:31 GMT-03:00 2026, Thread-2 : java.lang.NoSuchMethodException: speco.toppgsql.om.PgActivity.setcpu(java.lang.Long)
Error : java.lang.Class Class.java (2422)
Error : speco.cat.Cat Cat.java (1335)
Error : speco.cat.Cat Cat.java (805)
Error : speco.cat.Tx Tx.java (380)
Error : speco.toppgsql.om.ModelPg ModelPg.java (25)
Error : speco.toppgsql.FXMLTopPgSqlController FXMLTopPgSqlController.java (83)
Error : speco.toppgsql.FXMLTopPgSqlController FXMLTopPgSqlController.java (120)
Error : java.lang.Thread Thread.java (1474)
Error : Mon Aug 24 14:11:33 GMT-03:00 2026, Thread-2 : java.lang.NoSuchMethodException: speco.toppgsql.om.PgActivity.setcpu(java.lang.Long)
Error : java.lang.Class Class.java (2422)
Error : speco.cat.Cat Cat.java (1335)
Error : speco.cat.Cat Cat.java (805)
Error : speco.cat.Tx Tx.java (380)
Error : speco.toppgsql.om.ModelPg ModelPg.java (25)
Error : speco.toppgsql.FXMLTopPgSqlController FXMLTopPgSqlController.java (83)
Error : speco.toppgsql.FXMLTopPgSqlController FXMLTopPgSqlController.java (120)
Error : java.lang.Thread Thread.java (1474)
Error : Mon Aug 24 14:11:35 GMT-03:00 2026, Thread-2 : java.lang.NoSuchMethodException: speco.toppgsql.om.PgActivity.setcpu(java.lang.Long)
Error : java.lang.Class Class.java (2422)
Error : speco.cat.Cat Cat.java (1335)
Error : speco.cat.Cat Cat.java (805)
Error : speco.cat.Tx Tx.java (380)
Error : speco.toppgsql.om.ModelPg ModelPg.java (25)
Error : speco.toppgsql.FXMLTopPgSqlController FXMLTopPgSqlController.java (83)
Error : speco.toppgsql.FXMLTopPgSqlController FXMLTopPgSqlController.java (120)
Error : java.lang.Thread Thread.java (1474)
Error : Mon Aug 24 14:11:37 GMT-03:00 2026, Thread-2 : java.lang.NoSuchMethodException: speco.toppgsql.om.PgActivity.setcpu(java.lang.Long)
Error : java.lang.Class Class.java (2422)
Error : speco.cat.Cat Cat.java (1335)
Error : speco.cat.Cat Cat.java (805)
Error : speco.cat.Tx Tx.java (380)
Error : speco.toppgsql.om.ModelPg ModelPg.java (25)
Error : speco.toppgsql.FXMLTopPgSqlController FXMLTopPgSqlController.java (83)
Error : speco.toppgsql.FXMLTopPgSqlController FXMLTopPgSqlController.java (120)
Error : java.lang.Thread Thread.java (1474)
Error : Mon Aug 24 14:11:39 GMT-03:00 2026, Thread-2 : java.lang.NoSuchMethodException: speco.toppgsql.om.PgActivity.setcpu(java.lang.Long)
Error : java.lang.Class Class.java (2422)
Error : speco.cat.Cat Cat.java (1335)
Error : speco.cat.Cat Cat.java (805)
Error : speco.cat.Tx Tx.java (380)
Error : speco.toppgsql.om.ModelPg ModelPg.java (25)
Error : speco.toppgsql.FXMLTopPgSqlController FXMLTopPgSqlController.java (83)
Error : speco.toppgsql.FXMLTopPgSqlController FXMLTopPgSqlController.java (120)
Error : java.lang.Thread Thread.java (1474)
Error : Mon Aug 24 14:11:41 GMT-03:00 2026, Thread-2 : java.lang.NoSuchMethodException: speco.toppgsql.om.PgActivity.setcpu(java.lang.Long)
Error : java.lang.Class Class.java (2422)
Error : speco.cat.Cat Cat.java (1335)
Error : speco.cat.Cat Cat.java (805)
Error : speco.cat.Tx Tx.java (380)
Error : speco.toppgsql.om.ModelPg ModelPg.java (25)
Error : speco.toppgsql.FXMLTopPgSqlController FXMLTopPgSqlController.java (83)
Error : speco.toppgsql.FXMLTopPgSqlController FXMLTopPgSqlController.java (120)
Error : java.lang.Thread Thread.java (1474)
Error : Mon Aug 24 14:11:43 GMT-03:00 2026, Thread-2 : java.lang.NoSuchMethodException: speco.toppgsql.om.PgActivity.setcpu(java.lang.Long)
Error : java.lang.Class Class.java (2422)
Error : speco.cat.Cat Cat.java (1335)
Error : speco.cat.Cat Cat.java (805)
Error : speco.cat.Tx Tx.java (380)
Error : speco.toppgsql.om.ModelPg ModelPg.java (25)
Error : speco.toppgsql.FXMLTopPgSqlController FXMLTopPgSqlController.java (83)
Error : speco.toppgsql.FXMLTopPgSqlController FXMLTopPgSqlController.java (120)
Error : java.lang.Thread Thread.java (1474)
Error : Mon Aug 24 14:11:45 GMT-03:00 2026, Thread-2 : java.lang.NoSuchMethodException: speco.toppgsql.om.PgActivity.setcpu(java.lang.Long)
Error : java.lang.Class Class.java (2422)
Error : speco.cat.Cat Cat.java (1335)
Error : speco.cat.Cat Cat.java (805)
Error : speco.cat.Tx Tx.java (380)
Error : speco.toppgsql.om.ModelPg ModelPg.java (25)
Error : speco.toppgsql.FXMLTopPgSqlController FXMLTopPgSqlController.java (83)
Error : speco.toppgsql.FXMLTopPgSqlController FXMLTopPgSqlController.java (120)
Error : java.lang.Thread Thread.java (1474)
Error : Mon Aug 24 14:11:47 GMT-03:00 2026, Thread-2 : java.lang.NoSuchMethodException: speco.toppgsql.om.PgActivity.setcpu(java.lang.Long)
Error : java.lang.Class Class.java (2422)
Error : speco.cat.Cat Cat.java (1335)
Error : speco.cat.Cat Cat.java (805)
Error : speco.cat.Tx Tx.java (380)
Error : speco.toppgsql.om.ModelPg ModelPg.java (25)
Error : speco.toppgsql.FXMLTopPgSqlController FXMLTopPgSqlController.java (83)
Error : speco.toppgsql.FXMLTopPgSqlController FXMLTopPgSqlController.java (120)
Error : java.lang.Thread Thread.java (1474)
Error : Mon Aug 24 14:11:49 GMT-03:00 2026, Thread-2 : java.lang.NoSuchMethodException: speco.toppgsql.om.PgActivity.setcpu(java.lang.Long)
Error : java.lang.Class Class.java (2422)
Error : speco.cat.Cat Cat.java (1335)
Error : speco.cat.Cat Cat.java (805)
Error : speco.cat.Tx Tx.java (380)
Error : speco.toppgsql.om.ModelPg ModelPg.java (25)
Error : speco.toppgsql.FXMLTopPgSqlController FXMLTopPgSqlController.java (83)
Error : speco.toppgsql.FXMLTopPgSqlController FXMLTopPgSqlController.java (120)
Error : java.lang.Thread Thread.java (1474)
Error : Mon Aug 24 14:11:51 GMT-03:00 2026, Thread-2 : java.lang.NoSuchMethodException: speco.toppgsql.om.PgActivity.setcpu(java.lang.Long)
Error : java.lang.Class Class.java (2422)
Error : speco.cat.Cat Cat.java (1335)
Error : speco.cat.Cat Cat.java (805)
Error : speco.cat.Tx Tx.java (380)
Error : speco.toppgsql.om.ModelPg ModelPg.java (25)
Error : speco.toppgsql.FXMLTopPgSqlController FXMLTopPgSqlController.java (83)
Error : speco.toppgsql.FXMLTopPgSqlController FXMLTopPgSqlController.java (120)
Error : java.lang.Thread Thread.java (1474)
Error : Mon Aug 24 14:11:53 GMT-03:00 2026, Thread-2 : java.lang.NoSuchMethodException: speco.toppgsql.om.PgActivity.setcpu(java.lang.Long)
Error : java.lang.Class Class.java (2422)
Error : speco.cat.Cat Cat.java (1335)
Error : speco.cat.Cat Cat.java (805)
Error : speco.cat.Tx Tx.java (380)
Error : speco.toppgsql.om.ModelPg ModelPg.java (25)
Error : speco.toppgsql.FXMLTopPgSqlController FXMLTopPgSqlController.java (83)
Error : speco.toppgsql.FXMLTopPgSqlController FXMLTopPgSqlController.java (120)
Error : java.lang.Thread Thread.java (1474)
Error : Mon Aug 24 14:11:55 GMT-03:00 2026, Thread-2 : java.lang.NoSuchMethodException: speco.toppgsql.om.PgActivity.setcpu(java.lang.Long)
Error : java.lang.Class Class.java (2422)
Error : speco.cat.Cat Cat.java (1335)
Error : speco.cat.Cat Cat.java (805)
Error : speco.cat.Tx Tx.java (380)
Error : speco.toppgsql.om.ModelPg ModelPg.java (25)
Error : speco.toppgsql.FXMLTopPgSqlController FXMLTopPgSqlController.java (83)
Error : speco.toppgsql.FXMLTopPgSqlController FXMLTopPgSqlController.java (120)
Error : java.lang.Thread Thread.java (1474)
Error : Mon Aug 24 14:11:57 GMT-03:00 2026, Thread-2 : java.lang.NoSuchMethodException: speco.toppgsql.om.PgActivity.setcpu(java.lang.Long)
Error : java.lang.Class Class.java (2422)
Error : speco.cat.Cat Cat.java (1335)
Error : speco.cat.Cat Cat.java (805)
Error : speco.cat.Tx Tx.java (380)
Error : speco.toppgsql.om.ModelPg ModelPg.java (25)
Error : speco.toppgsql.FXMLTopPgSqlController FXMLTopPgSqlController.java (83)
Error : speco.toppgsql.FXMLTopPgSqlController FXMLTopPgSqlController.java (120)
Error : java.lang.Thread Thread.java (1474)
Error : Mon Aug 24 14:11:59 GMT-03:00 2026, Thread-2 : java.lang.NoSuchMethodException: speco.toppgsql.om.PgActivity.setcpu(java.lang.Long)
Error : java.lang.Class Class.java (2422)
Error : speco.cat.Cat Cat.java (1335)
Error : speco.cat.Cat Cat.java (805)
Error : speco.cat.Tx Tx.java (380)
Error : speco.toppgsql.om.ModelPg ModelPg.java (25)
Error : speco.toppgsql.FXMLTopPgSqlController FXMLTopPgSqlController.java (83)
Error : speco.toppgsql.FXMLTopPgSqlController FXMLTopPgSqlController.java (120)
Error : java.lang.Thread Thread.java (1474)
Error : Mon Aug 24 14:12:01 GMT-03:00 2026, Thread-2 : java.lang.NoSuchMethodException: speco.toppgsql.om.PgActivity.setcpu(java.lang.Long)
Error : java.lang.Class Class.java (2422)
Error : speco.cat.Cat Cat.java (1335)
Error : speco.cat.Cat Cat.java (805)
Error : speco.cat.Tx Tx.java (380)
Error : speco.toppgsql.om.ModelPg ModelPg.java (25)
Error : speco.toppgsql.FXMLTopPgSqlController FXMLTopPgSqlController.java (83)
Error : speco.toppgsql.FXMLTopPgSqlController FXMLTopPgSqlController.java (120)
Error : java.lang.Thread Thread.java (1474)
Error : Mon Aug 24 14:12:03 GMT-03:00 2026, Thread-2 : java.lang.NoSuchMethodException: speco.toppgsql.om.PgActivity.setcpu(java.lang.Long)
Error : java.lang.Class Class.java (2422)
Error : speco.cat.Cat Cat.java (1335)
Error : speco.cat.Cat Cat.java (805)
Error : speco.cat.Tx Tx.java (380)
Error : speco.toppgsql.om.ModelPg ModelPg.java (25)
Error : speco.toppgsql.FXMLTopPgSqlController FXMLTopPgSqlController.java (83)
Error : speco.toppgsql.FXMLTopPgSqlController FXMLTopPgSqlController.java (120)
Error : java.lang.Thread Thread.java (1474)
Error : Mon Aug 24 14:12:05 GMT-03:00 2026, Thread-2 : java.lang.NoSuchMethodException: speco.toppgsql.om.PgActivity.setcpu(java.lang.Long)
Error : java.lang.Class Class.java (2422)
Error : speco.cat.Cat Cat.java (1335)
Error : speco.cat.Cat Cat.java (805)
Error : speco.cat.Tx Tx.java (380)
Error : speco.toppgsql.om.ModelPg ModelPg.java (25)
Error : speco.toppgsql.FXMLTopPgSqlController FXMLTopPgSqlController.java (83)
Error : speco.toppgsql.FXMLTopPgSqlController FXMLTopPgSqlController.java (120)
Error : java.lang.Thread Thread.java (1474)
Error : Mon Aug 24 14:12:07 GMT-03:00 2026, Thread-2 : java.lang.NoSuchMethodException: speco.toppgsql.om.PgActivity.setcpu(java.lang.Long)
Error : java.lang.Class Class.java (2422)
Error : speco.cat.Cat Cat.java (1335)
Error : speco.cat.Cat Cat.java (805)
Error : speco.cat.Tx Tx.java (380)
Error : speco.toppgsql.om.ModelPg ModelPg.java (25)
Error : speco.toppgsql.FXMLTopPgSqlController FXMLTopPgSqlController.java (83)
Error : speco.toppgsql.FXMLTopPgSqlController FXMLTopPgSqlController.java (120)
Error : java.lang.Thread Thread.java (1474)
Error : Mon Aug 24 14:12:09 GMT-03:00 2026, Thread-2 : java.lang.NoSuchMethodException: speco.toppgsql.om.PgActivity.setcpu(java.lang.Long)
Error : java.lang.Class Class.java (2422)
Error : speco.cat.Cat Cat.java (1335)
Error : speco.cat.Cat Cat.java (805)
Error : speco.cat.Tx Tx.java (380)
Error : speco.toppgsql.om.ModelPg ModelPg.java (25)
Error : speco.toppgsql.FXMLTopPgSqlController FXMLTopPgSqlController.java (83)
Error : speco.toppgsql.FXMLTopPgSqlController FXMLTopPgSqlController.java (120)
Error : java.lang.Thread Thread.java (1474)
Error : Mon Aug 24 14:12:11 GMT-03:00 2026, Thread-2 : java.lang.NoSuchMethodException: speco.toppgsql.om.PgActivity.setcpu(java.lang.Long)
Error : java.lang.Class Class.java (2422)
Error : speco.cat.Cat Cat.java (1335)
Error : speco.cat.Cat Cat.java (805)
Error : speco.cat.Tx Tx.java (380)
Error : speco.toppgsql.om.ModelPg ModelPg.java (25)
Error : speco.toppgsql.FXMLTopPgSqlController FXMLTopPgSqlController.java (83)
Error : speco.toppgsql.FXMLTopPgSqlController FXMLTopPgSqlController.java (120)
Error : java.lang.Thread Thread.java (1474)
Error : Mon Aug 24 14:12:13 GMT-03:00 2026, Thread-2 : java.lang.NoSuchMethodException: speco.toppgsql.om.PgActivity.setcpu(java.lang.Long)
Error : java.lang.Class Class.java (2422)
Error : speco.cat.Cat Cat.java (1335)
Error : speco.cat.Cat Cat.java (805)
Error : speco.cat.Tx Tx.java (380)
Error : speco.toppgsql.om.ModelPg ModelPg.java (25)
Error : speco.toppgsql.FXMLTopPgSqlController FXMLTopPgSqlController.java (83)
Error : speco.toppgsql.FXMLTopPgSqlController FXMLTopPgSqlController.java (120)
Error : java.lang.Thread Thread.java (1474)
PgStatement.java (365)
Error : org.postgresql.jdbc.PgPreparedStatement PgPreparedStatement.java (150)
Error : org.postgresql.jdbc.PgPreparedStatement PgPreparedStatement.java (113)
Error : speco.cat.Cat Cat.java (802)
Error : speco.cat.Tx Tx.java (380)
Error : speco.toppgsql.om.ModelPg ModelPg.java (25)
Error : speco.toppgsql.FXMLTopPgSqlController FXMLTopPgSqlController.java (83)
Error : speco.toppgsql.FXMLTopPgSqlController FXMLTopPgSqlController.java (120)
Error : java.lang.Thread Thread.java (1474)
Error : Mon Aug 24 14:11:06 GMT-03:00 2026, Thread-2 : org.postgresql.util.PSQLException: ERROR: no existe la columna k.queryid
  Hint: Probablemente quiera hacer referencia a la columna «a.query_id» o la columna «k.query».
  Position: 309
Error : org.postgresql.core.v3.QueryExecutorImpl QueryExecutorImpl.java (2440)
Error : org.postgresql.core.v3.QueryExecutorImpl QueryExecutorImpl.java (2183)
Error : org.postgresql.core.v3.QueryExecutorImpl QueryExecutorImpl.java (308)
Error : org.postgresql.jdbc.PgStatement PgStatement.java (441)
Error : org.postgresql.jdbc.PgStatement PgStatement.java (365)
Error : org.postgresql.jdbc.PgPreparedStatement PgPreparedStatement.java (150)
Error : org.postgresql.jdbc.PgPreparedStatement PgPreparedStatement.java (113)
Error : speco.cat.Cat Cat.java (802)
Error : speco.cat.Tx Tx.java (380)
Error : speco.toppgsql.om.ModelPg ModelPg.java (25)
Error : speco.toppgsql.FXMLTopPgSqlController FXMLTopPgSqlController.java (83)
Error : speco.toppgsql.FXMLTopPgSqlController FXMLTopPgSqlController.java (120)
Error : java.lang.Thread Thread.java (1474)
Error : Mon Aug 24 14:11:08 GMT-03:00 2026, Thread-2 : org.postgresql.util.PSQLException: ERROR: no existe la columna k.queryid
  Hint: Probablemente quiera hacer referencia a la columna «a.query_id» o la columna «k.query».
  Position: 309
Error : org.postgresql.core.v3.QueryExecutorImpl QueryExecutorImpl.java (2440)
Error : org.postgresql.core.v3.QueryExecutorImpl QueryExecutorImpl.java (2183)
Error : org.postgresql.core.v3.QueryExecutorImpl QueryExecutorImpl.java (308)
Error : org.postgresql.jdbc.PgStatement PgStatement.java (441)
Error : org.postgresql.jdbc.PgStatement PgStatement.java (365)
Error : org.postgresql.jdbc.PgPreparedStatement PgPreparedStatement.java (150)
Error : org.postgresql.jdbc.PgPreparedStatement PgPreparedStatement.java (113)
Error : speco.cat.Cat Cat.java (802)
Error : speco.cat.Tx Tx.java (380)
Error : speco.toppgsql.om.ModelPg ModelPg.java (25)
Error : speco.toppgsql.FXMLTopPgSqlController FXMLTopPgSqlController.java (83)
Error : speco.toppgsql.FXMLTopPgSqlController FXMLTopPgSqlController.java (120)
Error : java.lang.Thread Thread.java (1474)
Error : Mon Aug 24 14:11:10 GMT-03:00 2026, Thread-2 : org.postgresql.util.PSQLException: ERROR: no existe la columna k.queryid
  Hint: Probablemente quiera hacer referencia a la columna «a.query_id» o la columna «k.query».
  Position: 309
Error : org.postgresql.core.v3.QueryExecutorImpl QueryExecutorImpl.java (2440)
Error : org.postgresql.core.v3.QueryExecutorImpl QueryExecutorImpl.java (2183)
Error : org.postgresql.core.v3.QueryExecutorImpl QueryExecutorImpl.java (308)
Error : org.postgresql.jdbc.PgStatement PgStatement.java (441)
Error : org.postgresql.jdbc.PgStatement PgStatement.java (365)
Error : org.postgresql.jdbc.PgPreparedStatement PgPreparedStatement.java (150)
Error : org.postgresql.jdbc.PgPreparedStatement PgPreparedStatement.java (113)
Error : speco.cat.Cat Cat.java (802)
Error : speco.cat.Tx Tx.java (380)
Error : speco.toppgsql.om.ModelPg ModelPg.java (25)
Error : speco.toppgsql.FXMLTopPgSqlController FXMLTopPgSqlController.java (83)
Error : speco.toppgsql.FXMLTopPgSqlController FXMLTopPgSqlController.java (120)
Error : java.lang.Thread Thread.java (1474)
